
> vibe-generated-app@1.0.0 dev
> vite


  VITE v5.4.20  ready in 176 ms

  ➜  Local:   http://localhost:3000/
  ➜  Network: http://172.20.0.56:3000/
9:24:17 AM [vite] Pre-transform error: [postcss] /home/workspace/src/index.css:49:5: The `bg-white/8` class does not exist. If `bg-white/8` is a custom class, make sure it is defined within a `@layer` directive.
9:24:18 AM [vite] ✨ new dependencies optimized: framer-motion
9:24:18 AM [vite] ✨ optimized dependencies changed. reloading
9:24:18 AM [vite] Internal server error: [postcss] /home/workspace/src/index.css:49:5: The `bg-white/8` class does not exist. If `bg-white/8` is a custom class, make sure it is defined within a `@layer` directive.
  Plugin: vite:css
  File: /home/workspace/src/index.css:49:4
  47 |  
  48 |    .glass {
  49 |      @apply bg-white/8 backdrop-blur-md border border-white/10 shadow-[0_8px_40px_-12px_rgba(0,0,0,0.4)];
     |      ^
  50 |    }
  51 |  
      at Input.error (/home/workspace/node_modules/postcss/lib/input.js:135:16)
      at AtRule.error (/home/workspace/node_modules/postcss/lib/node.js:146:32)
      at processApply (/home/workspace/node_modules/tailwindcss/lib/lib/expandApplyAtRules.js:380:29)
      at /home/workspace/node_modules/tailwindcss/lib/lib/expandApplyAtRules.js:551:9
      at /home/workspace/node_modules/tailwindcss/lib/processTailwindFeatures.js:55:50
      at async plugins (/home/workspace/node_modules/tailwindcss/lib/plugin.js:38:17)
      at async LazyResult.runAsync (/home/workspace/node_modules/postcss/lib/lazy-result.js:293:11)
      at async compileCSS (file:///home/workspace/node_modules/vite/dist/node/chunks/dep-D_zLpgQd.js:36898:21)
      at async TransformPluginContext.transform (file:///home/workspace/node_modules/vite/dist/node/chunks/dep-D_zLpgQd.js:36171:11)
      at async PluginContainer.transform (file:///home/workspace/node_modules/vite/dist/node/chunks/dep-D_zLpgQd.js:49099:18)
9:24:19 AM [vite] Pre-transform error: [postcss] /home/workspace/src/index.css:49:5: The `bg-white/8` class does not exist. If `bg-white/8` is a custom class, make sure it is defined within a `@layer` directive.
9:24:44 AM [vite] Internal server error: [postcss] /home/workspace/src/index.css:49:5: The `bg-white/8` class does not exist. If `bg-white/8` is a custom class, make sure it is defined within a `@layer` directive.
  Plugin: vite:css
  File: /home/workspace/src/index.css:49:4
  47 |  
  48 |    .glass {
  49 |      @apply bg-white/8 backdrop-blur-md border border-white/10 shadow-[0_8px_40px_-12px_rgba(0,0,0,0.4)];
     |      ^
  50 |    }
  51 |  
      at Input.error (/home/workspace/node_modules/postcss/lib/input.js:135:16)
      at AtRule.error (/home/workspace/node_modules/postcss/lib/node.js:146:32)
      at processApply (/home/workspace/node_modules/tailwindcss/lib/lib/expandApplyAtRules.js:380:29)
      at /home/workspace/node_modules/tailwindcss/lib/lib/expandApplyAtRules.js:551:9
      at /home/workspace/node_modules/tailwindcss/lib/processTailwindFeatures.js:55:50
      at async plugins (/home/workspace/node_modules/tailwindcss/lib/plugin.js:38:17)
      at async LazyResult.runAsync (/home/workspace/node_modules/postcss/lib/lazy-result.js:293:11)
      at async compileCSS (file:///home/workspace/node_modules/vite/dist/node/chunks/dep-D_zLpgQd.js:36898:21)
      at async TransformPluginContext.transform (file:///home/workspace/node_modules/vite/dist/node/chunks/dep-D_zLpgQd.js:36171:11)
      at async PluginContainer.transform (file:///home/workspace/node_modules/vite/dist/node/chunks/dep-D_zLpgQd.js:49099:18)
